<?xml version="1.0" encoding="UTF-8"?>
<testsuite name="cursor-e2e" tests="16" failures="1">
<testcase name="1. Navigate to homepage" time="0.10"></testcase>
<testcase name="2. Navigate to login page" time="0.13"></testcase>
<testcase name="3. Login attempt" time="0.37"></testcase>
<testcase name="4. Admin dashboard loads" time="0.27"></testcase>
<testcase name="5. Event status API responds" time="0.10"></testcase>
<testcase name="6. Spotify status API responds" time="0.15"></testcase>
<testcase name="7. Requests API responds" time="0.07"></testcase>
<testcase name="8. Stats API responds" time="0.06"></testcase>
<testcase name="9. Settings page route exists" time="0.20"></testcase>
<testcase name="10. Display page route exists" time="2.45"></testcase>
<testcase name="1. Request page without PIN" time="2.98"></testcase>
<testcase name="2. Spotify search API responds" time="1.97"></testcase>
<testcase name="3. Request submission API responds" time="1.77"></testcase>
<testcase name="1. Display page loads" time="2.33"></testcase>
<testcase name="2. Display current API responds" time="1.02"></testcase>
<testcase name="3. Display requests API responds" time="0.85"><failure message="Display requests API returned unexpected 400"></failure></testcase>
</testsuite>